
Map of Debug\test.sm8 from link file Debug\test.lkf - Tue Feb  9 15:16:38 2021


                               --------
                               Segments
                               --------

start 00008080 end 000080f0 length   112 segment .const
start 000080f3 end 00008a87 length  2452 segment .text
start 00004000 end 00004000 length     0 segment .eeprom
start 00000000 end 00000000 length     0 segment .bsct
start 00000000 end 00000013 length    19 segment .ubsct
start 00000013 end 00000013 length     0 segment .bit
start 00000013 end 00000013 length     0 segment .share
start 00000100 end 00000100 length     0 segment .data
start 00000100 end 00000100 length     0 segment .bss
start 00000000 end 000005f5 length  1525 segment .info.
start 00000000 end 000040ec length 16620 segment .debug
start 00008000 end 00008080 length   128 segment .const
start 000080f0 end 000080f3 length     3 segment .init


                               -------
                               Modules
                               -------

D:\Programas\CosmicC\CXSTM8\lib\crtsi0.sm8:
start 000080f3 end 00008143 length    80 section .text
start 00000100 end 00000100 length     0 section .bss
start 00000000 end 00000000 length     0 section .ubsct
start 00000000 end 00000034 length    52 section .info.

Debug\stm8s_exti.o:
start 00008143 end 0000822b length   232 section .text
start 00000000 end 0000048f length  1167 section .debug
start 00000034 end 000000a4 length   112 section .info.

Debug\stm8s_itc.o:
start 0000822b end 0000837f length   340 section .text
start 0000048f end 00000a92 length  1539 section .debug
start 000000a4 end 00000113 length   111 section .info.
start 00008080 end 000080e4 length   100 section .const

Debug\stm8s_it.o:
start 0000837f end 000083bb length    60 section .text
start 00000a92 end 000010c2 length  1584 section .debug
start 00000113 end 00000181 length   110 section .info.

Debug\gpio.o:
start 000083bb end 00008421 length   102 section .text
start 00000000 end 00000009 length     9 section .ubsct
start 000010c2 end 00001681 length  1471 section .debug
start 00000181 end 000001eb length   106 section .info.

Debug\stm8s_gpio.o:
start 00008421 end 000084d3 length   178 section .text
start 00001681 end 0000208b length  2570 section .debug
start 000001eb end 0000025b length   112 section .info.

Debug\stm8s_clk.o:
start 000084d3 end 00008857 length   900 section .text
start 0000208b end 000036fa length  5743 section .debug
start 0000025b end 000002ca length   111 section .info.
start 000080e4 end 000080f0 length    12 section .const

Debug\clock.o:
start 00008857 end 000088d9 length   130 section .text
start 000036fa end 00003e9d length  1955 section .debug
start 000002ca end 00000335 length   107 section .info.

Debug\main.o:
start 000088d9 end 0000893c length    99 section .text
start 00003e9d end 00003fc6 length   297 section .debug
start 00000335 end 0000039f length   106 section .info.

(D:\Programas\CosmicC\CXSTM8\lib\libm0.sm8)lreg.o:
start 00000009 end 0000000d length     4 section .ubsct
start 0000039f end 000003ce length    47 section .info.

(D:\Programas\CosmicC\CXSTM8\lib\libm0.sm8)ltor.o:
start 0000893c end 0000894e length    18 section .text
start 000003ce end 000003fd length    47 section .info.

(D:\Programas\CosmicC\CXSTM8\lib\libm0.sm8)ludiv.o:
start 0000894e end 00008962 length    20 section .text
start 000003fd end 0000042d length    48 section .info.

(D:\Programas\CosmicC\CXSTM8\lib\libm0.sm8)ldiv.o:
start 00008962 end 00008a4d length   235 section .text
start 0000042d end 0000045c length    47 section .info.

(D:\Programas\CosmicC\CXSTM8\lib\libm0.sm8)lgneg.o:
start 00008a4d end 00008a60 length    19 section .text
start 0000045c end 0000048c length    48 section .info.

(D:\Programas\CosmicC\CXSTM8\lib\libm0.sm8)lneg.o:
start 00008a60 end 00008a75 length    21 section .text
start 0000048c end 000004bb length    47 section .info.

(D:\Programas\CosmicC\CXSTM8\lib\libm0.sm8)rtol.o:
start 00008a75 end 00008a87 length    18 section .text
start 000004bb end 000004ea length    47 section .info.

(D:\Programas\CosmicC\CXSTM8\lib\libm0.sm8)xreg.o:
start 0000000d end 00000010 length     3 section .ubsct
start 000004ea end 00000519 length    47 section .info.

(D:\Programas\CosmicC\CXSTM8\lib\libm0.sm8)yreg.o:
start 00000010 end 00000013 length     3 section .ubsct
start 00000519 end 00000548 length    47 section .info.

Debug\stm8_interrupt_vector.o:
start 00003fc6 end 000040ec length   294 section .debug
start 00000548 end 000005c3 length   123 section .info.
start 00008000 end 00008080 length   128 section .const


                             -----------
                             Stack usage
                             -----------

Debug\clock.o:
_Clock_HSI_Init                        14   (4)
_DisableAllPeripherals                  6   (2)
_EnableClockMirror                     17   (6)

Debug\gpio.o:
_Input_Init                        >   11   (5)
_IsActive                          >   10   (5)
_Output10mhz_Init                      11   (5)
_Output2mhz_Init                       11   (5)
_Output_0                          >   10   (5)
_Output_1                          >   10   (5)
_Pin_Init                               2   (2)

Debug\main.o:
_DeInitAllGPIO                          4   (2)
_EXTI_setup                             8   (2)
_main                              >   19   (2)

Debug\stm8s_clk.o:
_CLK_AdjustHSICalibrationValue     >    3   (3)
_CLK_CCOCmd                             2   (2)
_CLK_CCOConfig                          3   (3)
_CLK_ClearITPendingBit             >    2   (2)
_CLK_ClockSecuritySystemEnable     >    2   (2)
_CLK_ClockSwitchCmd                     2   (2)
_CLK_ClockSwitchConfig                 10   (10)
_CLK_DeInit                             2   (2)
_CLK_FastHaltWakeUpCmd             >    2   (2)
_CLK_GetClockFreq                  >   25   (11)
_CLK_GetFlagStatus                      7   (7)
_CLK_GetITStatus                   >    4   (4)
_CLK_GetSYSCLKSource               >    2   (2)
_CLK_HSECmd                             2   (2)
_CLK_HSICmd                             2   (2)
_CLK_HSIPrescalerConfig                 3   (3)
_CLK_ITConfig                      >    4   (4)
_CLK_LSICmd                             2   (2)
_CLK_PeripheralClockConfig              4   (4)
_CLK_SWIMConfig                    >    2   (2)
_CLK_SYSCLKConfig                       3   (3)
_CLK_SYSCLKEmergencyClear          >    2   (2)
_CLK_SlowActiveHaltWakeUpCmd       >    2   (2)

Debug\stm8s_exti.o:
_EXTI_DeInit                            2   (2)
_EXTI_GetExtIntSensitivity         >    3   (3)
_EXTI_GetTLISensitivity            >    3   (3)
_EXTI_SetExtIntSensitivity              4   (4)
_EXTI_SetTLISensitivity                 2   (2)

Debug\stm8s_gpio.o:
_GPIO_DeInit                            2   (2)
_GPIO_ExternalPullUpConfig         >    6   (6)
_GPIO_Init                              6   (6)
_GPIO_ReadInputData                >    2   (2)
_GPIO_ReadInputPin                      5   (5)
_GPIO_ReadOutputData               >    2   (2)
_GPIO_Write                        >    5   (5)
_GPIO_WriteHigh                         5   (5)
_GPIO_WriteLow                          5   (5)
_GPIO_WriteReverse                      5   (5)

Debug\stm8s_it.o:
f_ADC1_IRQHandler                  >    6   (6)
f_AWU_IRQHandler                   >    6   (6)
f_CLK_IRQHandler                   >    6   (6)
f_EEPROM_EEC_IRQHandler            >    6   (6)
f_EXTI_PORTA_IRQHandler            >    6   (6)
f_EXTI_PORTB_IRQHandler            >    6   (6)
f_EXTI_PORTC_IRQHandler            >    6   (6)
f_EXTI_PORTD_IRQHandler            >   17   (12)
f_EXTI_PORTE_IRQHandler            >    6   (6)
f_I2C_IRQHandler                   >    6   (6)
f_NonHandledInterrupt              >    6   (6)
f_SPI_IRQHandler                   >    6   (6)
f_TIM1_CAP_COM_IRQHandler          >    6   (6)
f_TIM1_UPD_OVF_TRG_BRK_IRQHandler  >    6   (6)
f_TIM2_CAP_COM_IRQHandler          >    6   (6)
f_TIM2_UPD_OVF_BRK_IRQHandler      >    6   (6)
f_TIM4_UPD_OVF_IRQHandler          >    6   (6)
f_TLI_IRQHandler                   >    6   (6)
f_TRAP_IRQHandler                  >    6   (6)
f_UART1_RX_IRQHandler              >    6   (6)
f_UART1_TX_IRQHandler              >    6   (6)

Debug\stm8s_itc.o:
_ITC_DeInit                             2   (2)
_ITC_GetCPUCC                           2   (2)
_ITC_GetSoftIntStatus              >    4   (2)
_ITC_GetSoftwarePriority           >    5   (5)
_ITC_SetSoftwarePriority                6   (6)

Stack size: 42


                              ---------
                              Call tree
                              ---------
   1 > _CLK_AdjustHSICalibrationValue: (3)

   2 > _CLK_ClearITPendingBit: (2)

   3 > _CLK_ClockSecuritySystemEnable: (2)

   4 > _CLK_FastHaltWakeUpCmd: (2)

   5 > _CLK_GetClockFreq: (11)

   6 > _CLK_GetITStatus: (4)

   7 > _CLK_GetSYSCLKSource: (2)

   8 > _CLK_ITConfig: (4)

   9 > _CLK_SWIMConfig: (2)

  10 > _CLK_SYSCLKEmergencyClear: (2)

  11 > _CLK_SlowActiveHaltWakeUpCmd: (2)

  12 > _EXTI_GetExtIntSensitivity: (3)

  13 > _EXTI_GetTLISensitivity: (3)

  14 > _GPIO_ExternalPullUpConfig: (6)

  15 > _GPIO_ReadInputData: (2)

  16 > _GPIO_ReadOutputData: (2)

  17 > _GPIO_Write: (5)

  18 > _ITC_GetSoftIntStatus: (2)
  19      + _ITC_GetCPUCC: (2)
       
  20 > _ITC_GetSoftwarePriority: (5)

  21 > _Input_Init: (5)
  22      + _GPIO_Init: (6)
       
  23 > _IsActive: (5)
  24      + _GPIO_ReadInputPin: (5)
       
  25 > _Output_0: (5)
  26      + _GPIO_WriteLow: (5)
       
  27 > _Output_1: (5)
  28      + _GPIO_WriteHigh: (5)
       
  29 > __stext: (0)

  30 > _main: (2)
  31      + _Clock_HSI_Init: (4)
  32      |    + _CLK_ClockSwitchCmd: (2)
  33      |    + _CLK_ClockSwitchConfig: (10)
  34      |    + _CLK_DeInit: (2)
  35      |    + _CLK_GetFlagStatus: (7)
  36      |    + _CLK_HSECmd: (2)
  37      |    + _CLK_HSICmd: (2)
  38      |    + _CLK_HSIPrescalerConfig: (3)
  39      |    + _CLK_LSICmd: (2)
  40      |    + _CLK_SYSCLKConfig: (3)
  41      |    + _DisableAllPeripherals: (2)
  42      |    |    + _CLK_PeripheralClockConfig: (4)
          |    | 
          | 
  43      + _DeInitAllGPIO: (2)
  44      |    + _GPIO_DeInit: (2)
          | 
  45      + _EXTI_setup: (2)
  46      |    + _EXTI_DeInit: (2)
  47      |    + _EXTI_SetExtIntSensitivity: (4)
  48      |    + _EXTI_SetTLISensitivity: (2)
  49      |    + _GPIO_Init --> 22
  50      |    + _ITC_DeInit: (2)
  51      |    + _ITC_SetSoftwarePriority: (6)
          | 
  52      + _EnableClockMirror: (6)
  53      |    + _CLK_CCOCmd: (2)
  54      |    + _CLK_CCOConfig: (3)
  55      |    + _Output10mhz_Init: (5)
  56      |    |    + _GPIO_Init --> 22
          |    | 
          | 
  57      + _Output2mhz_Init: (5)
  58      |    + _GPIO_Init --> 22
          | 
  59      + _Pin_Init: (2)
       
  60 > f_ADC1_IRQHandler: (6)

  61 > f_AWU_IRQHandler: (6)

  62 > f_CLK_IRQHandler: (6)

  63 > f_EEPROM_EEC_IRQHandler: (6)

  64 > f_EXTI_PORTA_IRQHandler: (6)

  65 > f_EXTI_PORTB_IRQHandler: (6)

  66 > f_EXTI_PORTC_IRQHandler: (6)

  67 > f_EXTI_PORTD_IRQHandler: (12)
  68      + _GPIO_WriteReverse: (5)
       
  69 > f_EXTI_PORTE_IRQHandler: (6)

  70 > f_I2C_IRQHandler: (6)

  71 > f_NonHandledInterrupt: (6)

  72 > f_SPI_IRQHandler: (6)

  73 > f_TIM1_CAP_COM_IRQHandler: (6)

  74 > f_TIM1_UPD_OVF_TRG_BRK_IRQHandler: (6)

  75 > f_TIM2_CAP_COM_IRQHandler: (6)

  76 > f_TIM2_UPD_OVF_BRK_IRQHandler: (6)

  77 > f_TIM4_UPD_OVF_IRQHandler: (6)

  78 > f_TLI_IRQHandler: (6)

  79 > f_TRAP_IRQHandler: (6)

  80 > f_UART1_RX_IRQHandler: (6)

  81 > f_UART1_TX_IRQHandler: (6)

  82   _CLK_CCOCmd --> 53

  83   _CLK_CCOConfig --> 54

  84   _CLK_ClockSwitchCmd --> 32

  85   _CLK_ClockSwitchConfig --> 33

  86   _CLK_DeInit --> 34

  87   _CLK_GetFlagStatus --> 35

  88   _CLK_HSECmd --> 36

  89   _CLK_HSICmd --> 37

  90   _CLK_HSIPrescalerConfig --> 38

  91   _CLK_LSICmd --> 39

  92   _CLK_PeripheralClockConfig --> 42

  93   _CLK_SYSCLKConfig --> 40

  94   _Clock_HSI_Init --> 31

  95   _DeInitAllGPIO --> 43

  96   _DisableAllPeripherals --> 41

  97   _EXTI_DeInit --> 46

  98   _EXTI_SetExtIntSensitivity --> 47

  99   _EXTI_SetTLISensitivity --> 48

 100   _EXTI_setup --> 45

 101   _EnableClockMirror --> 52

 102   _GPIO_DeInit --> 44

 103   _GPIO_Init --> 22

 104   _GPIO_ReadInputPin --> 24

 105   _GPIO_WriteHigh --> 28

 106   _GPIO_WriteLow --> 26

 107   _GPIO_WriteReverse --> 68

 108   _ITC_DeInit --> 50

 109   _ITC_GetCPUCC --> 19

 110   _ITC_SetSoftwarePriority --> 51

 111   _Output10mhz_Init --> 55

 112   _Output2mhz_Init --> 57

 113   _Pin_Init --> 59



                               -------
                               Symbols
                               -------

_CCO                                00000003   defined in Debug\gpio.o section .ubsct
                                               used in Debug\main.o
_CLKPrescTable                      000080e8   defined in Debug\stm8s_clk.o section .const
_CLK_AdjustHSICalibrationValue      000087ad   defined in Debug\stm8s_clk.o section .text
_CLK_CCOCmd                         00008543   defined in Debug\stm8s_clk.o section .text
                                               used in Debug\clock.o
_CLK_CCOConfig                      000086a6   defined in Debug\stm8s_clk.o section .text
                                               used in Debug\clock.o
_CLK_ClearITPendingBit              00008848   defined in Debug\stm8s_clk.o section .text
_CLK_ClockSecuritySystemEnable      00008730   defined in Debug\stm8s_clk.o section .text
_CLK_ClockSwitchCmd                 00008551   defined in Debug\stm8s_clk.o section .text
                                               used in Debug\clock.o
_CLK_ClockSwitchConfig              000085d9   defined in Debug\stm8s_clk.o section .text
                                               used in Debug\clock.o
_CLK_DeInit                         000084d3   defined in Debug\stm8s_clk.o section .text
                                               used in Debug\clock.o
_CLK_FastHaltWakeUpCmd              0000850b   defined in Debug\stm8s_clk.o section .text
_CLK_GetClockFreq                   00008739   defined in Debug\stm8s_clk.o section .text
_CLK_GetFlagStatus                  000087bf   defined in Debug\stm8s_clk.o section .text
                                               used in Debug\clock.o
_CLK_GetITStatus                    0000881c   defined in Debug\stm8s_clk.o section .text
_CLK_GetSYSCLKSource                00008735   defined in Debug\stm8s_clk.o section .text
_CLK_HSECmd                         00008519   defined in Debug\stm8s_clk.o section .text
                                               used in Debug\clock.o
_CLK_HSICmd                         00008527   defined in Debug\stm8s_clk.o section .text
                                               used in Debug\clock.o
_CLK_HSIPrescalerConfig             00008693   defined in Debug\stm8s_clk.o section .text
                                               used in Debug\clock.o
_CLK_ITConfig                       000086bd   defined in Debug\stm8s_clk.o section .text
_CLK_LSICmd                         00008535   defined in Debug\stm8s_clk.o section .text
                                               used in Debug\clock.o
_CLK_PeripheralClockConfig          0000856d   defined in Debug\stm8s_clk.o section .text
                                               used in Debug\clock.o
_CLK_SWIMConfig                     00008722   defined in Debug\stm8s_clk.o section .text
_CLK_SYSCLKConfig                   000086f5   defined in Debug\stm8s_clk.o section .text
                                               used in Debug\clock.o
_CLK_SYSCLKEmergencyClear           000087ba   defined in Debug\stm8s_clk.o section .text
_CLK_SlowActiveHaltWakeUpCmd        0000855f   defined in Debug\stm8s_clk.o section .text
_Clock_HSI_Init                     00008857   defined in Debug\clock.o section .text
                                               used in Debug\main.o
_DeInitAllGPIO                      00008906   defined in Debug\main.o section .text
_DisableAllPeripherals              0000888f   defined in Debug\clock.o section .text
_EXTI_DeInit                        00008143   defined in Debug\stm8s_exti.o section .text
                                               used in Debug\main.o
_EXTI_GetExtIntSensitivity          000081d0   defined in Debug\stm8s_exti.o section .text
_EXTI_GetTLISensitivity             0000821e   defined in Debug\stm8s_exti.o section .text
_EXTI_SetExtIntSensitivity          0000814c   defined in Debug\stm8s_exti.o section .text
                                               used in Debug\main.o
_EXTI_SetTLISensitivity             000081c5   defined in Debug\stm8s_exti.o section .text
                                               used in Debug\main.o
_EXTI_setup                         00008919   defined in Debug\main.o section .text
_EnableClockMirror                  000088be   defined in Debug\clock.o section .text
                                               used in Debug\main.o
_GPIO_DeInit                        00008421   defined in Debug\stm8s_gpio.o section .text
                                               used in Debug\main.o
_GPIO_ExternalPullUpConfig          000084bb   defined in Debug\stm8s_gpio.o section .text
_GPIO_Init                          00008429   defined in Debug\stm8s_gpio.o section .text
                                               used in Debug\gpio.o Debug\main.o
_GPIO_ReadInputData                 000084b1   defined in Debug\stm8s_gpio.o section .text
_GPIO_ReadInputPin                  000084b4   defined in Debug\stm8s_gpio.o section .text
                                               used in Debug\gpio.o
_GPIO_ReadOutputData                000084af   defined in Debug\stm8s_gpio.o section .text
_GPIO_Write                         00008491   defined in Debug\stm8s_gpio.o section .text
_GPIO_WriteHigh                     00008499   defined in Debug\stm8s_gpio.o section .text
                                               used in Debug\gpio.o
_GPIO_WriteLow                      000084a0   defined in Debug\stm8s_gpio.o section .text
                                               used in Debug\gpio.o
_GPIO_WriteReverse                  000084a8   defined in Debug\stm8s_gpio.o section .text
                                               used in Debug\stm8s_it.o
_HSIDivFactor                       000080e4   defined in Debug\stm8s_clk.o section .const
_ITC_DeInit                         0000822e   defined in Debug\stm8s_itc.o section .text
                                               used in Debug\main.o
_ITC_GetCPUCC                       0000822b   defined in Debug\stm8s_itc.o section .text
_ITC_GetSoftIntStatus               0000824f   defined in Debug\stm8s_itc.o section .text
_ITC_GetSoftwarePriority            00008254   defined in Debug\stm8s_itc.o section .text
_ITC_SetSoftwarePriority            000082cb   defined in Debug\stm8s_itc.o section .text
                                               used in Debug\main.o
_Input_Init                         000083d7   defined in Debug\gpio.o section .text
_IsActive                           0000840f   defined in Debug\gpio.o section .text
_Led                                00000006   defined in Debug\gpio.o section .ubsct
                                               used in Debug\stm8s_it.o
                                                       Debug\main.o
_Output10mhz_Init                   000083ef   defined in Debug\gpio.o section .text
                                               used in Debug\clock.o
_Output2mhz_Init                    000083e3   defined in Debug\gpio.o section .text
                                               used in Debug\main.o
_Output_0                           000083fb   defined in Debug\gpio.o section .text
_Output_1                           00008405   defined in Debug\gpio.o section .text
_Pin_Init                           000083bb   defined in Debug\gpio.o section .text
                                               used in Debug\main.o
_Pulsador                           00000000   defined in Debug\gpio.o section .ubsct
__endmem                            000001ff   defined in command file
                                               *** not used ***
__endzp                             00000013   defined in command file section .ubsct
                                               used in D:\Programas\CosmicC\CXSTM8\lib\crtsi0.sm8
__idesc__                           000080f0   defined in linker section .init
                                               used in D:\Programas\CosmicC\CXSTM8\lib\crtsi0.sm8
__memory                            00000100   defined in command file section .bss
                                               used in D:\Programas\CosmicC\CXSTM8\lib\crtsi0.sm8
__stack                             000003ff   defined in command file
                                               used in D:\Programas\CosmicC\CXSTM8\lib\crtsi0.sm8
__startmem                          00000100   defined in command file section .bss
                                               *** not used ***
__stext                             000080f3   defined in D:\Programas\CosmicC\CXSTM8\lib\crtsi0.sm8 section .text
                                               used in Debug\stm8_interrupt_vector.o
__vectab                            00008000   defined in Debug\stm8_interrupt_vector.o section .const
_exit                               00008141   defined in D:\Programas\CosmicC\CXSTM8\lib\crtsi0.sm8 section .text
_main                               000088d9   defined in Debug\main.o section .text
                                               used in D:\Programas\CosmicC\CXSTM8\lib\crtsi0.sm8
c_divsl                             00008962   defined in (D:\Programas\CosmicC\CXSTM8\lib\libm0.sm8)ldiv.o section .text
                                               *** not used ***
c_divul                             00008979   defined in (D:\Programas\CosmicC\CXSTM8\lib\libm0.sm8)ldiv.o section .text
                                               used in (D:\Programas\CosmicC\CXSTM8\lib\libm0.sm8)ludiv.o
c_lgneg                             00008a4d   defined in (D:\Programas\CosmicC\CXSTM8\lib\libm0.sm8)lgneg.o section .text
                                               used in (D:\Programas\CosmicC\CXSTM8\lib\libm0.sm8)ldiv.o
c_lneg                              00008a60   defined in (D:\Programas\CosmicC\CXSTM8\lib\libm0.sm8)lneg.o section .text
                                               used in (D:\Programas\CosmicC\CXSTM8\lib\libm0.sm8)ldiv.o
c_lreg                              00000009   defined in (D:\Programas\CosmicC\CXSTM8\lib\libm0.sm8)lreg.o section .ubsct
                                               used in Debug\stm8s_clk.o
                                                       (D:\Programas\CosmicC\CXSTM8\lib\libm0.sm8)ltor.o
                                                       (D:\Programas\CosmicC\CXSTM8\lib\libm0.sm8)ldiv.o
                                                       (D:\Programas\CosmicC\CXSTM8\lib\libm0.sm8)lneg.o
                                                       (D:\Programas\CosmicC\CXSTM8\lib\libm0.sm8)rtol.o
c_ltor                              0000893c   defined in (D:\Programas\CosmicC\CXSTM8\lib\libm0.sm8)ltor.o section .text
                                               used in Debug\stm8s_clk.o
c_ludv                              0000894e   defined in (D:\Programas\CosmicC\CXSTM8\lib\libm0.sm8)ludiv.o section .text
                                               used in Debug\stm8s_clk.o
c_rtol                              00008a75   defined in (D:\Programas\CosmicC\CXSTM8\lib\libm0.sm8)rtol.o section .text
                                               used in Debug\stm8s_clk.o
c_x                                 0000000d   defined in (D:\Programas\CosmicC\CXSTM8\lib\libm0.sm8)xreg.o section .ubsct
                                               used in D:\Programas\CosmicC\CXSTM8\lib\crtsi0.sm8
                                                       Debug\stm8s_it.o
                                                       (D:\Programas\CosmicC\CXSTM8\lib\libm0.sm8)ldiv.o
c_y                                 00000010   defined in (D:\Programas\CosmicC\CXSTM8\lib\libm0.sm8)yreg.o section .ubsct
                                               used in D:\Programas\CosmicC\CXSTM8\lib\crtsi0.sm8
                                                       Debug\stm8s_it.o
f_ADC1_IRQHandler                   000083b8   defined in Debug\stm8s_it.o section .text
                                               used in Debug\stm8_interrupt_vector.o
f_AWU_IRQHandler                    00008382   defined in Debug\stm8s_it.o section .text
                                               used in Debug\stm8_interrupt_vector.o
f_CLK_IRQHandler                    00008383   defined in Debug\stm8s_it.o section .text
                                               used in Debug\stm8_interrupt_vector.o
f_EEPROM_EEC_IRQHandler             000083ba   defined in Debug\stm8s_it.o section .text
                                               used in Debug\stm8_interrupt_vector.o
f_EXTI_PORTA_IRQHandler             00008384   defined in Debug\stm8s_it.o section .text
                                               used in Debug\stm8_interrupt_vector.o
f_EXTI_PORTB_IRQHandler             00008385   defined in Debug\stm8s_it.o section .text
                                               used in Debug\stm8_interrupt_vector.o
f_EXTI_PORTC_IRQHandler             00008386   defined in Debug\stm8s_it.o section .text
                                               used in Debug\stm8_interrupt_vector.o
f_EXTI_PORTD_IRQHandler             00008387   defined in Debug\stm8s_it.o section .text
                                               used in Debug\stm8_interrupt_vector.o
f_EXTI_PORTE_IRQHandler             000083af   defined in Debug\stm8s_it.o section .text
                                               used in Debug\stm8_interrupt_vector.o
f_I2C_IRQHandler                    000083b7   defined in Debug\stm8s_it.o section .text
                                               used in Debug\stm8_interrupt_vector.o
f_NonHandledInterrupt               0000837f   defined in Debug\stm8s_it.o section .text
                                               used in Debug\stm8_interrupt_vector.o
f_SPI_IRQHandler                    000083b0   defined in Debug\stm8s_it.o section .text
                                               used in Debug\stm8_interrupt_vector.o
f_TIM1_CAP_COM_IRQHandler           000083b2   defined in Debug\stm8s_it.o section .text
                                               used in Debug\stm8_interrupt_vector.o
f_TIM1_UPD_OVF_TRG_BRK_IRQHandler   000083b1   defined in Debug\stm8s_it.o section .text
                                               used in Debug\stm8_interrupt_vector.o
f_TIM2_CAP_COM_IRQHandler           000083b4   defined in Debug\stm8s_it.o section .text
                                               used in Debug\stm8_interrupt_vector.o
f_TIM2_UPD_OVF_BRK_IRQHandler       000083b3   defined in Debug\stm8s_it.o section .text
                                               used in Debug\stm8_interrupt_vector.o
f_TIM4_UPD_OVF_IRQHandler           000083b9   defined in Debug\stm8s_it.o section .text
                                               used in Debug\stm8_interrupt_vector.o
f_TLI_IRQHandler                    00008381   defined in Debug\stm8s_it.o section .text
                                               used in Debug\stm8_interrupt_vector.o
f_TRAP_IRQHandler                   00008380   defined in Debug\stm8s_it.o section .text
                                               used in Debug\stm8_interrupt_vector.o
f_UART1_RX_IRQHandler               000083b6   defined in Debug\stm8s_it.o section .text
                                               used in Debug\stm8_interrupt_vector.o
f_UART1_TX_IRQHandler               000083b5   defined in Debug\stm8s_it.o section .text
                                               used in Debug\stm8_interrupt_vector.o
